192.0.2.1 - - [22/Sep/2025:07:03:41 ] "GET / HTTP/1.1" 200 6502 "https://google.com" "Mozilla/5.0 (Macintosh; Intel Mac OS X 10_15_7) AppleWebKit/537.36"
198.51.100.42 - - [22/Sep/2025:07:03:42 ] "HEAD /api/health HTTP/1.1" 200 3128 "https://github.com" "curl/7.68.0"
192.168.1.102 - - [22/Sep/2025:07:03:42 ] "OPTIONS /api/auth/login HTTP/1.1" 200 1815 "https://example.com" "PostmanRuntime/7.28.4"
198.51.100.42 - - [22/Sep/2025:07:03:43 ] "POST /docs HTTP/1.1" 200 6116 "https://github.com" "Mozilla/5.0 (X11; Linux x86_64) AppleWebKit/537.36"
10.0.0.50 - - [22/Sep/2025:07:03:43 ] "DELETE /api/metrics HTTP/1.1" 200 8894 "https://google.com" "curl/7.68.0"
192.0.2.1 - - [22/Sep/2025:07:03:44 ] "GET /favicon.ico HTTP/1.1" 200 4318 "https://example.com" "curl/7.68.0"
192.168.1.100 - - [22/Sep/2025:07:03:44 ] "HEAD /images/logo.png HTTP/1.1" 200 3799 "https://example.com" "Mozilla/5.0 (Macintosh; Intel Mac OS X 10_15_7) AppleWebKit/537.36"
192.168.1.100 - - [22/Sep/2025:07:03:45 ] "DELETE /api/metrics HTTP/1.1" 200 528 "-" "PostmanRuntime/7.28.4"
172.16.0.10 - - [22/Sep/2025:07:03:45 ] "OPTIONS /api/health HTTP/1.1" 200 3227 "https://google.com" "Mozilla/5.0 (Windows NT 10.0; Win64; x64) AppleWebKit/537.36"
203.0.113.1 - - [22/Sep/2025:07:03:46 ] "HEAD /index.html HTTP/1.1" 404 230 "-" "curl/7.68.0"
203.0.113.1 - - [22/Sep/2025:07:03:46 ] "PUT / HTTP/1.1" 200 1373 "https://example.com" "curl/7.68.0"
198.51.100.42 - - [22/Sep/2025:07:03:47 ] "OPTIONS /api/data HTTP/1.1" 200 5705 "https://google.com" "PostmanRuntime/7.28.4"
192.168.1.101 - - [22/Sep/2025:07:03:47 ] "OPTIONS / HTTP/1.1" 200 5763 "-" "PostmanRuntime/7.28.4"
203.0.113.1 - - [22/Sep/2025:07:03:48 ] "OPTIONS /api/data HTTP/1.1" 200 4996 "https://github.com" "Mozilla/5.0 (Macintosh; Intel Mac OS X 10_15_7) AppleWebKit/537.36"
10.0.0.50 - - [22/Sep/2025:07:03:48 ] "DELETE / HTTP/1.1" 200 9103 "https://google.com" "Mozilla/5.0 (X11; Linux x86_64) AppleWebKit/537.36"
192.168.1.102 - - [22/Sep/2025:07:03:49 ] "POST /api/auth/login HTTP/1.1" 200 4611 "https://example.com" "Mozilla/5.0 (Windows NT 10.0; Win64; x64) AppleWebKit/537.36"
203.0.113.1 - - [22/Sep/2025:07:03:49 ] "OPTIONS /docs HTTP/1.1" 200 3756 "https://github.com" "PostmanRuntime/7.28.4"
10.0.0.50 - - [22/Sep/2025:07:03:50 ] "PUT /images/logo.png HTTP/1.1" 200 7475 "https://github.com" "PostmanRuntime/7.28.4"
192.168.1.100 - - [22/Sep/2025:07:03:50 ] "DELETE / HTTP/1.1" 200 6115 "-" "curl/7.68.0"
198.51.100.42 - - [22/Sep/2025:07:03:51 ] "DELETE / HTTP/1.1" 200 111 "https://google.com" "Mozilla/5.0 (Macintosh; Intel Mac OS X 10_15_7) AppleWebKit/537.36"
192.168.1.100 - - [22/Sep/2025:07:03:51 ] "POST /api/posts HTTP/1.1" 200 6492 "https://google.com" "Mozilla/5.0 (Macintosh; Intel Mac OS X 10_15_7) AppleWebKit/537.36"
203.0.113.1 - - [22/Sep/2025:07:03:52 ] "GET /api/data HTTP/1.1" 200 4410 "https://example.com" "Mozilla/5.0 (Windows NT 10.0; Win64; x64) AppleWebKit/537.36"
192.168.1.101 - - [22/Sep/2025:07:03:52 ] "OPTIONS /admin HTTP/1.1" 200 5721 "https://google.com" "PostmanRuntime/7.28.4"
192.168.1.102 - - [22/Sep/2025:07:03:53 ] "GET /api/users HTTP/1.1" 403 362 "https://google.com" "Mozilla/5.0 (X11; Linux x86_64) AppleWebKit/537.36"
192.168.1.100 - - [22/Sep/2025:07:03:53 ] "PUT /api/posts HTTP/1.1" 403 447 "https://github.com" "curl/7.68.0"
203.0.113.1 - - [22/Sep/2025:07:03:54 ] "GET /api/metrics HTTP/1.1" 200 384 "https://google.com" "Mozilla/5.0 (X11; Linux x86_64) AppleWebKit/537.36"
192.168.1.102 - - [22/Sep/2025:07:03:54 ] "OPTIONS /docs HTTP/1.1" 500 362 "-" "Mozilla/5.0 (X11; Linux x86_64) AppleWebKit/537.36"
192.0.2.1 - - [22/Sep/2025:07:03:55 ] "PUT /admin HTTP/1.1" 404 190 "https://example.com" "Mozilla/5.0 (Windows NT 10.0; Win64; x64) AppleWebKit/537.36"
172.16.0.10 - - [22/Sep/2025:07:03:55 ] "PUT /images/logo.png HTTP/1.1" 200 6505 "https://example.com" "curl/7.68.0"
192.168.1.102 - - [22/Sep/2025:07:03:56 ] "GET /index.html HTTP/1.1" 200 8639 "-" "Mozilla/5.0 (X11; Linux x86_64) AppleWebKit/537.36"
192.168.1.100 - - [22/Sep/2025:07:03:56 ] "OPTIONS /api/users HTTP/1.1" 200 6425 "https://github.com" "curl/7.68.0"
192.0.2.1 - - [22/Sep/2025:07:03:57 ] "GET / HTTP/1.1" 200 1015 "https://example.com" "Mozilla/5.0 (X11; Linux x86_64) AppleWebKit/537.36"
203.0.113.1 - - [22/Sep/2025:07:03:57 ] "GET /api/auth/login HTTP/1.1" 200 4514 "https://github.com" "Mozilla/5.0 (X11; Linux x86_64) AppleWebKit/537.36"
192.168.1.102 - - [22/Sep/2025:07:03:58 ] "OPTIONS /api/metrics HTTP/1.1" 200 4743 "https://google.com" "Mozilla/5.0 (Windows NT 10.0; Win64; x64) AppleWebKit/537.36"
10.0.0.50 - - [22/Sep/2025:07:03:58 ] "POST /api/posts HTTP/1.1" 200 4893 "https://github.com" "Mozilla/5.0 (Macintosh; Intel Mac OS X 10_15_7) AppleWebKit/537.36"
203.0.113.1 - - [22/Sep/2025:07:03:59 ] "GET /api/health HTTP/1.1" 200 172 "https://example.com" "curl/7.68.0"
10.0.0.50 - - [22/Sep/2025:07:03:59 ] "OPTIONS / HTTP/1.1" 200 2773 "https://github.com" "curl/7.68.0"
10.0.0.50 - - [22/Sep/2025:07:04:00 ] "OPTIONS /images/logo.png HTTP/1.1" 200 8359 "-" "Mozilla/5.0 (Windows NT 10.0; Win64; x64) AppleWebKit/537.36"
192.0.2.1 - - [22/Sep/2025:07:04:00 ] "HEAD /images/logo.png HTTP/1.1" 200 1649 "https://example.com" "PostmanRuntime/7.28.4"
192.168.1.100 - - [22/Sep/2025:07:04:01 ] "DELETE /images/logo.png HTTP/1.1" 200 5780 "https://github.com" "Mozilla/5.0 (X11; Linux x86_64) AppleWebKit/537.36"
198.51.100.42 - - [22/Sep/2025:07:04:01 ] "PUT /api/users HTTP/1.1" 200 728 "https://google.com" "Mozilla/5.0 (Macintosh; Intel Mac OS X 10_15_7) AppleWebKit/537.36"
192.168.1.100 - - [22/Sep/2025:07:04:02 ] "POST /images/logo.png HTTP/1.1" 200 9955 "https://google.com" "PostmanRuntime/7.28.4"
10.0.0.50 - - [22/Sep/2025:07:04:02 ] "PUT /api/users HTTP/1.1" 403 98 "https://github.com" "PostmanRuntime/7.28.4"
192.168.1.101 - - [22/Sep/2025:07:04:03 ] "POST / HTTP/1.1" 200 1650 "-" "curl/7.68.0"
198.51.100.42 - - [22/Sep/2025:07:04:03 ] "DELETE /admin HTTP/1.1" 200 2636 "https://example.com" "Mozilla/5.0 (X11; Linux x86_64) AppleWebKit/537.36"
192.168.1.100 - - [22/Sep/2025:07:04:04 ] "DELETE /api/auth/login HTTP/1.1" 200 7170 "-" "Mozilla/5.0 (Windows NT 10.0; Win64; x64) AppleWebKit/537.36"
10.0.0.50 - - [22/Sep/2025:07:04:04 ] "GET /index.html HTTP/1.1" 200 913 "-" "Mozilla/5.0 (X11; Linux x86_64) AppleWebKit/537.36"
198.51.100.42 - - [22/Sep/2025:07:04:05 ] "GET /api/posts HTTP/1.1" 200 7463 "https://google.com" "Mozilla/5.0 (X11; Linux x86_64) AppleWebKit/537.36"
192.168.1.100 - - [22/Sep/2025:07:04:05 ] "HEAD /api/health HTTP/1.1" 200 1318 "https://example.com" "Mozilla/5.0 (X11; Linux x86_64) AppleWebKit/537.36"
192.168.1.102 - - [22/Sep/2025:07:04:06 ] "HEAD /index.html HTTP/1.1" 200 8819 "https://github.com" "Mozilla/5.0 (Macintosh; Intel Mac OS X 10_15_7) AppleWebKit/537.36"
203.0.113.1 - - [22/Sep/2025:07:04:06 ] "GET /static/style.css HTTP/1.1" 200 2966 "https://example.com" "Mozilla/5.0 (Macintosh; Intel Mac OS X 10_15_7) AppleWebKit/537.36"
192.168.1.101 - - [22/Sep/2025:07:04:07 ] "GET /images/logo.png HTTP/1.1" 500 187 "https://github.com" "Mozilla/5.0 (Macintosh; Intel Mac OS X 10_15_7) AppleWebKit/537.36"
192.0.2.1 - - [22/Sep/2025:07:04:07 ] "HEAD /favicon.ico HTTP/1.1" 200 1210 "https://github.com" "curl/7.68.0"
10.0.0.50 - - [22/Sep/2025:07:04:08 ] "POST /api/posts HTTP/1.1" 200 3280 "-" "Mozilla/5.0 (Macintosh; Intel Mac OS X 10_15_7) AppleWebKit/537.36"
172.16.0.10 - - [22/Sep/2025:07:04:08 ] "OPTIONS /static/style.css HTTP/1.1" 500 114 "https://example.com" "Mozilla/5.0 (X11; Linux x86_64) AppleWebKit/537.36"
192.168.1.101 - - [22/Sep/2025:07:04:09 ] "GET / HTTP/1.1" 200 7537 "https://google.com" "curl/7.68.0"
10.0.0.50 - - [22/Sep/2025:07:04:09 ] "HEAD /api/metrics HTTP/1.1" 200 5102 "https://github.com" "curl/7.68.0"
198.51.100.42 - - [22/Sep/2025:07:04:10 ] "OPTIONS /favicon.ico HTTP/1.1" 200 3765 "https://google.com" "Mozilla/5.0 (Windows NT 10.0; Win64; x64) AppleWebKit/537.36"
198.51.100.42 - - [22/Sep/2025:07:04:10 ] "DELETE /api/health HTTP/1.1" 200 5665 "https://google.com" "Mozilla/5.0 (Macintosh; Intel Mac OS X 10_15_7) AppleWebKit/537.36"
172.16.0.10 - - [22/Sep/2025:07:04:11 ] "PUT /api/health HTTP/1.1" 301 410 "https://github.com" "Mozilla/5.0 (Windows NT 10.0; Win64; x64) AppleWebKit/537.36"
192.0.2.1 - - [22/Sep/2025:07:04:11 ] "GET /images/logo.png HTTP/1.1" 200 3327 "-" "PostmanRuntime/7.28.4"
172.16.0.10 - - [22/Sep/2025:07:04:12 ] "PUT /images/logo.png HTTP/1.1" 500 379 "-" "Mozilla/5.0 (Macintosh; Intel Mac OS X 10_15_7) AppleWebKit/537.36"
192.0.2.1 - - [22/Sep/2025:07:04:12 ] "GET /api/data HTTP/1.1" 200 7689 "-" "Mozilla/5.0 (Macintosh; Intel Mac OS X 10_15_7) AppleWebKit/537.36"
192.168.1.102 - - [22/Sep/2025:07:04:13 ] "PUT /images/logo.png HTTP/1.1" 200 4985 "https://google.com" "Mozilla/5.0 (Windows NT 10.0; Win64; x64) AppleWebKit/537.36"
192.168.1.100 - - [22/Sep/2025:07:04:13 ] "POST /api/health HTTP/1.1" 301 497 "-" "PostmanRuntime/7.28.4"
192.168.1.101 - - [22/Sep/2025:07:04:14 ] "GET /index.html HTTP/1.1" 200 1599 "https://google.com" "Mozilla/5.0 (Macintosh; Intel Mac OS X 10_15_7) AppleWebKit/537.36"
192.168.1.101 - - [22/Sep/2025:07:04:14 ] "HEAD /api/health HTTP/1.1" 200 1203 "-" "PostmanRuntime/7.28.4"
192.0.2.1 - - [22/Sep/2025:07:04:15 ] "PUT /images/logo.png HTTP/1.1" 500 51 "https://github.com" "PostmanRuntime/7.28.4"
172.16.0.10 - - [22/Sep/2025:07:04:15 ] "PUT /static/style.css HTTP/1.1" 200 1997 "https://google.com" "PostmanRuntime/7.28.4"
192.168.1.101 - - [22/Sep/2025:07:04:16 ] "POST /api/auth/login HTTP/1.1" 200 1488 "https://example.com" "Mozilla/5.0 (Windows NT 10.0; Win64; x64) AppleWebKit/537.36"
192.0.2.1 - - [22/Sep/2025:07:04:16 ] "OPTIONS /favicon.ico HTTP/1.1" 200 870 "https://google.com" "PostmanRuntime/7.28.4"
192.168.1.102 - - [22/Sep/2025:07:04:17 ] "GET /index.html HTTP/1.1" 200 3328 "https://example.com" "Mozilla/5.0 (X11; Linux x86_64) AppleWebKit/537.36"
192.168.1.100 - - [22/Sep/2025:07:04:17 ] "OPTIONS /api/users HTTP/1.1" 200 3718 "https://example.com" "Mozilla/5.0 (Macintosh; Intel Mac OS X 10_15_7) AppleWebKit/537.36"
192.0.2.1 - - [22/Sep/2025:07:04:18 ] "OPTIONS /images/logo.png HTTP/1.1" 200 5616 "-" "PostmanRuntime/7.28.4"
192.168.1.100 - - [22/Sep/2025:07:04:18 ] "OPTIONS /index.html HTTP/1.1" 200 2466 "-" "PostmanRuntime/7.28.4"
192.168.1.102 - - [22/Sep/2025:07:04:19 ] "POST /api/posts HTTP/1.1" 200 3611 "https://google.com" "Mozilla/5.0 (Macintosh; Intel Mac OS X 10_15_7) AppleWebKit/537.36"
172.16.0.10 - - [22/Sep/2025:07:04:19 ] "PUT /index.html HTTP/1.1" 200 2295 "https://example.com" "curl/7.68.0"
203.0.113.1 - - [22/Sep/2025:07:04:20 ] "OPTIONS /docs HTTP/1.1" 404 482 "https://example.com" "curl/7.68.0"
172.16.0.10 - - [22/Sep/2025:07:04:21 ] "POST /api/metrics HTTP/1.1" 200 4116 "https://example.com" "PostmanRuntime/7.28.4"
198.51.100.42 - - [22/Sep/2025:07:04:21 ] "POST /api/health HTTP/1.1" 200 2046 "https://google.com" "PostmanRuntime/7.28.4"
198.51.100.42 - - [22/Sep/2025:07:04:22 ] "POST /api/posts HTTP/1.1" 200 4274 "https://github.com" "Mozilla/5.0 (X11; Linux x86_64) AppleWebKit/537.36"
192.168.1.101 - - [22/Sep/2025:07:04:22 ] "GET /admin HTTP/1.1" 500 388 "https://github.com" "curl/7.68.0"
192.168.1.101 - - [22/Sep/2025:07:04:23 ] "POST /admin HTTP/1.1" 200 2102 "https://google.com" "Mozilla/5.0 (X11; Linux x86_64) AppleWebKit/537.36"
192.0.2.1 - - [22/Sep/2025:07:04:23 ] "GET /api/metrics HTTP/1.1" 200 3704 "https://example.com" "PostmanRuntime/7.28.4"
10.0.0.50 - - [22/Sep/2025:07:04:24 ] "DELETE /images/logo.png HTTP/1.1" 200 7044 "https://google.com" "Mozilla/5.0 (X11; Linux x86_64) AppleWebKit/537.36"
172.16.0.10 - - [22/Sep/2025:07:04:24 ] "HEAD /api/users HTTP/1.1" 200 7758 "-" "PostmanRuntime/7.28.4"
198.51.100.42 - - [22/Sep/2025:07:04:25 ] "PUT /index.html HTTP/1.1" 200 5925 "-" "Mozilla/5.0 (Windows NT 10.0; Win64; x64) AppleWebKit/537.36"
198.51.100.42 - - [22/Sep/2025:07:04:25 ] "HEAD / HTTP/1.1" 200 680 "https://example.com" "Mozilla/5.0 (X11; Linux x86_64) AppleWebKit/537.36"
192.0.2.1 - - [22/Sep/2025:07:04:26 ] "PUT /api/metrics HTTP/1.1" 200 7601 "https://google.com" "PostmanRuntime/7.28.4"
192.168.1.101 - - [22/Sep/2025:07:04:26 ] "GET / HTTP/1.1" 200 7993 "https://example.com" "Mozilla/5.0 (Windows NT 10.0; Win64; x64) AppleWebKit/537.36"
192.0.2.1 - - [22/Sep/2025:07:04:27 ] "DELETE /api/users HTTP/1.1" 200 8091 "https://github.com" "Mozilla/5.0 (X11; Linux x86_64) AppleWebKit/537.36"
192.168.1.100 - - [22/Sep/2025:07:04:27 ] "DELETE /api/data HTTP/1.1" 200 9574 "https://google.com" "PostmanRuntime/7.28.4"
192.0.2.1 - - [22/Sep/2025:07:04:28 ] "GET /api/users HTTP/1.1" 404 60 "https://google.com" "PostmanRuntime/7.28.4"
192.0.2.1 - - [22/Sep/2025:07:04:28 ] "DELETE /api/auth/login HTTP/1.1" 200 5879 "-" "Mozilla/5.0 (Macintosh; Intel Mac OS X 10_15_7) AppleWebKit/537.36"
192.0.2.1 - - [22/Sep/2025:07:04:29 ] "OPTIONS /api/data HTTP/1.1" 200 4296 "https://example.com" "curl/7.68.0"
198.51.100.42 - - [22/Sep/2025:07:04:29 ] "OPTIONS /api/data HTTP/1.1" 200 7331 "https://example.com" "Mozilla/5.0 (Macintosh; Intel Mac OS X 10_15_7) AppleWebKit/537.36"
192.168.1.101 - - [22/Sep/2025:07:04:30 ] "DELETE /api/posts HTTP/1.1" 404 459 "-" "Mozilla/5.0 (X11; Linux x86_64) AppleWebKit/537.36"
203.0.113.1 - - [22/Sep/2025:07:04:30 ] "GET /docs HTTP/1.1" 200 9569 "-" "curl/7.68.0"
172.16.0.10 - - [22/Sep/2025:07:04:31 ] "HEAD /docs HTTP/1.1" 200 6330 "https://example.com" "Mozilla/5.0 (X11; Linux x86_64) AppleWebKit/537.36"
203.0.113.1 - - [22/Sep/2025:07:04:31 ] "HEAD /admin HTTP/1.1" 403 462 "https://example.com" "Mozilla/5.0 (Macintosh; Intel Mac OS X 10_15_7) AppleWebKit/537.36"
203.0.113.1 - - [22/Sep/2025:07:04:32 ] "HEAD /favicon.ico HTTP/1.1" 200 9879 "https://google.com" "Mozilla/5.0 (Macintosh; Intel Mac OS X 10_15_7) AppleWebKit/537.36"
192.0.2.1 - - [22/Sep/2025:07:04:32 ] "PUT /api/health HTTP/1.1" 200 5855 "https://google.com" "Mozilla/5.0 (X11; Linux x86_64) AppleWebKit/537.36"
198.51.100.42 - - [22/Sep/2025:07:04:33 ] "POST /index.html HTTP/1.1" 200 6423 "https://github.com" "PostmanRuntime/7.28.4"
